WARNING: A restricted method in java.lang.System has been called
WARNING: java.lang.System::load has been called by net.rubygrapefruit.platform.internal.NativeLibraryLoader in an unnamed module (file:/Users/goncalosousa/.gradle/wrapper/dists/gradle-8.11.1-bin/bpt9gzteqjrbo1mjrsomdt32c/gradle-8.11.1/lib/native-platform-0.22-milestone-26.jar)
WARNING: Use --enable-native-access=ALL-UNNAMED to avoid a warning for callers in this module
WARNING: Restricted methods will be blocked in a future release unless native access is enabled

> Task :app:checkKotlinGradlePluginConfigurationErrors SKIPPED
> Task :app:preBuild UP-TO-DATE
> Task :app:preDebugBuild UP-TO-DATE
> Task :app:dataBindingMergeDependencyArtifactsDebug UP-TO-DATE
> Task :app:generateDebugResValues UP-TO-DATE
> Task :app:generateDebugResources UP-TO-DATE
> Task :app:processDebugGoogleServices UP-TO-DATE
> Task :app:mergeDebugResources UP-TO-DATE
> Task :app:packageDebugResources UP-TO-DATE
> Task :app:parseDebugLocalResources UP-TO-DATE
> Task :app:dataBindingGenBaseClassesDebug UP-TO-DATE
> Task :app:checkDebugAarMetadata UP-TO-DATE
> Task :app:mapDebugSourceSetPaths UP-TO-DATE
> Task :app:createDebugCompatibleScreenManifests UP-TO-DATE
> Task :app:extractDeepLinksDebug UP-TO-DATE
> Task :app:processDebugMainManifest UP-TO-DATE
> Task :app:processDebugManifest UP-TO-DATE
> Task :app:processDebugManifestForPackage UP-TO-DATE
> Task :app:processDebugResources UP-TO-DATE

> Task :app:compileDebugKotlin FAILED
e: file:///Users/goncalosousa/AndroidStudioProjects/GLPImobile/app/src/main/java/com/example/glpimobile/DashboardActivity.kt:429:79 Unresolved reference 'data'.
e: file:///Users/goncalosousa/AndroidStudioProjects/GLPImobile/app/src/main/java/com/example/glpimobile/ProgressTicketsActivity.kt:193:46 Unresolved reference 'data'.
e: file:///Users/goncalosousa/AndroidStudioProjects/GLPImobile/app/src/main/java/com/example/glpimobile/ProgressTicketsActivity.kt:201:47 Unresolved reference 'data'.
e: file:///Users/goncalosousa/AndroidStudioProjects/GLPImobile/app/src/main/java/com/example/glpimobile/ProgressTicketsActivity.kt:201:55 Cannot infer type for this parameter. Please specify it explicitly.
e: file:///Users/goncalosousa/AndroidStudioProjects/GLPImobile/app/src/main/java/com/example/glpimobile/ProgressTicketsActivity.kt:201:68 Overload resolution ambiguity between candidates:
fun <T> Array<out T>.take(n: Int): List<T>
fun BooleanArray.take(n: Int): List<Boolean>
fun ByteArray.take(n: Int): List<Byte>
fun CharArray.take(n: Int): List<Char>
fun DoubleArray.take(n: Int): List<Double>
fun FloatArray.take(n: Int): List<Float>
fun IntArray.take(n: Int): List<Int>
fun LongArray.take(n: Int): List<Long>
fun ShortArray.take(n: Int): List<Short>
fun <T> Iterable<T>.take(n: Int): List<T>
fun UByteArray.take(n: Int): List<UByte>
fun UIntArray.take(n: Int): List<UInt>
fun ULongArray.take(n: Int): List<ULong>
fun UShortArray.take(n: Int): List<UShort>
fun <T> Sequence<T>.take(n: Int): Sequence<T>
fun CharSequence.take(n: Int): CharSequence
fun String.take(n: Int): String

FAILURE: Build failed with an exception.

* What went wrong:
Execution failed for task ':app:compileDebugKotlin'.
> A failure occurred while executing org.jetbrains.kotlin.compilerRunner.GradleCompilerRunnerWithWorkers$GradleKotlinCompilerWorkAction
   > Compilation error. See log for more details

* Try:
> Run with --stacktrace option to get the stack trace.
> Run with --info or --debug option to get more log output.
> Run with --scan to get full insights.
> Get more help at https://help.gradle.org.

BUILD FAILED in 3s
17 actionable tasks: 1 executed, 16 up-to-date
